package.json
release-state.json
www/index.html
www/js/holophone-v2.js
www/js/holophone-stability.js
www/media/vsnt-logo-full.png
assets/branding/vsnt-mark-white-source.png
assets/branding/vsnt-logo-full-source.png
assets/branding/VSNT_logo_concept3_v7.html
assets/branding/VSNT_logo_concept3_v7_HANDOFF.md
02_PREPARER_ANDROID_STUDIO.cmd
RELEASE.cmd
RELEASE_3.1.2.cmd
TESTER_STABLE_3.1.2.cmd
scripts/release-safe.ps1
scripts/test-stable-v312.js
scripts/patches/local-notifications/SoundResolver.kt
ARCHITECTURE_BRANDING_3.1.2.md
CHANGEMENTS_3.1.2.md
RELEASE_3.1.2.md
VALIDATION_3.1.2.md
HOLOPHONE_MASTER_HANDOFF_3.1.2.md
android/app/src/main/res/values/ic_launcher_background.xml
android/app/src/main/res/mipmap-anydpi-v26/ic_launcher.xml
android/app/src/main/res/mipmap-anydpi-v26/ic_launcher_round.xml
android/app/src/main/res/mipmap-anydpi-v33/ic_launcher.xml
android/app/src/main/res/mipmap-anydpi-v33/ic_launcher_round.xml
android/app/src/main/res/mipmap-mdpi/ic_launcher.png
android/app/src/main/res/mipmap-mdpi/ic_launcher_round.png
android/app/src/main/res/mipmap-mdpi/ic_launcher_foreground.png
android/app/src/main/res/mipmap-hdpi/ic_launcher.png
android/app/src/main/res/mipmap-hdpi/ic_launcher_round.png
android/app/src/main/res/mipmap-hdpi/ic_launcher_foreground.png
android/app/src/main/res/mipmap-xhdpi/ic_launcher.png
android/app/src/main/res/mipmap-xhdpi/ic_launcher_round.png
android/app/src/main/res/mipmap-xhdpi/ic_launcher_foreground.png
android/app/src/main/res/mipmap-xxhdpi/ic_launcher.png
android/app/src/main/res/mipmap-xxhdpi/ic_launcher_round.png
android/app/src/main/res/mipmap-xxhdpi/ic_launcher_foreground.png
android/app/src/main/res/mipmap-xxxhdpi/ic_launcher.png
android/app/src/main/res/mipmap-xxxhdpi/ic_launcher_round.png
android/app/src/main/res/mipmap-xxxhdpi/ic_launcher_foreground.png
